// Jest Snapshot v1, https://goo.gl/fbAQLP

exports[`AppBarDate should render correctly 1`] = `
<p
  class="MuiTypography-root MuiTypography-body1 css-1somrvq-MuiTypography-root"
>
  12. 2. 2023
</p>
`;
